V    Connected to
--   ------------
0    1 2 5
1    3 4
2    1
3    -
4    -
5    -

Graph is not a tree
