V    Connected to
--   ------------
0    2 5
1    3 4
2    1
3    -
4    -
5    -

Graph is a tree
